Request: a 512
===========================
M 512
Number of block: 1
===========================
Request: a 128
===========================
M 512
M 128
Number of block: 2
===========================
Request: r 0 640
===========================
F 512
M 128
M 640
Number of block: 3
===========================
Request: a 128
===========================
M 128
F 352
M 128
M 640
Number of block: 4
===========================
Request: f 1
===========================
M 128
F 512
M 640
Number of block: 3
===========================
Request: r 0 768
===========================
M 128
F 1184
M 768
Number of block: 3
===========================
Request: a 128
===========================
M 128
M 128
F 1024
M 768
Number of block: 4
===========================
Request: f 2
===========================
F 128
M 128
F 1024
M 768
Number of block: 4
===========================
Request: r 0 896
===========================
F 128
M 128
M 896
F 896
Number of block: 4
===========================
Request: a 128
===========================
M 128
M 128
M 896
F 896
Number of block: 4
===========================
Request: f 3
===========================
M 128
F 128
M 896
F 896
Number of block: 4
===========================
Request: r 0 1024
===========================
M 128
F 1056
M 1024
F 896
Number of block: 4
===========================
Request: a 128
===========================
M 128
F 1056
M 1024
M 128
F 736
Number of block: 5
===========================
Request: f 4
===========================
F 1216
M 1024
M 128
F 736
Number of block: 4
===========================
Request: r 0 1152
===========================
M 1152
F 1088
M 128
F 736
Number of block: 4
===========================
Request: a 128
===========================
M 1152
F 1088
M 128
M 128
F 576
Number of block: 5
===========================
Request: f 5
===========================
M 1152
F 1248
M 128
F 576
Number of block: 4
===========================
Request: r 0 1280
===========================
F 2432
M 128
M 1280
F 576
Number of block: 4
===========================
Request: a 128
===========================
F 2432
M 128
M 1280
M 128
F 416
Number of block: 5
===========================
Request: f 6
===========================
F 2592
M 1280
M 128
F 416
Number of block: 4
===========================
Request: r 0 1408
===========================
M 1408
F 2464
M 128
F 416
Number of block: 4
===========================
Request: a 128
===========================
M 1408
F 2464
M 128
M 128
F 256
Number of block: 5
===========================
Request: f 7
===========================
M 1408
F 2624
M 128
F 256
Number of block: 4
===========================
Request: r 0 1536
===========================
F 1408
M 1536
F 1056
M 128
F 256
Number of block: 5
===========================
Request: a 128
===========================
F 1408
M 1536
F 1056
M 128
M 128
F 96
Number of block: 6
===========================
Request: f 8
===========================
F 1408
M 1536
F 1216
M 128
F 96
Number of block: 5
===========================
Request: r 0 1664
===========================
F 4224
M 128
M 1664
F 96
Number of block: 4
===========================
Request: a 128
===========================
M 128
F 4064
M 128
M 1664
F 96
Number of block: 5
===========================
Request: f 9
===========================
M 128
F 4224
M 1664
F 96
Number of block: 4
===========================
