Request: a 512
===========================
M 512
Number of block: 1
===========================
Request: a 128
===========================
M 512
M 128
Number of block: 2
===========================
Request: r 0 640
===========================
F 512
M 128
M 640
Number of block: 3
===========================
Request: a 128
===========================
M 128
F 352
M 128
M 640
Number of block: 4
===========================
Request: f 1
===========================
M 128
F 512
M 640
Number of block: 3
===========================
Request: r 0 768
===========================
M 128
F 1184
M 768
Number of block: 3
===========================
Request: a 128
===========================
M 128
M 128
F 1024
M 768
Number of block: 4
===========================
Request: f 2
===========================
F 128
M 128
F 1024
M 768
Number of block: 4
===========================
Request: r 0 896
===========================
F 128
M 128
M 896
F 896
Number of block: 4
===========================
Request: a 128
===========================
M 128
M 128
M 896
F 896
Number of block: 4
===========================
Request: f 3
===========================
M 128
F 128
M 896
F 896
Number of block: 4
===========================
Request: r 0 1024
===========================
M 128
F 1056
M 1024
F 896
Number of block: 4
===========================
Request: a 128
===========================
M 128
M 128
F 896
M 1024
F 896
Number of block: 5
===========================
Request: f 4
===========================
F 128
M 128
F 896
M 1024
F 896
Number of block: 5
===========================
Request: r 0 1152
===========================
F 128
M 128
F 1952
M 1152
F 896
Number of block: 5
===========================
Request: a 128
===========================
M 128
M 128
F 1952
M 1152
F 896
Number of block: 5
===========================
Request: f 5
===========================
M 128
F 2112
M 1152
F 896
Number of block: 4
===========================
Request: r 0 1280
===========================
M 128
M 1280
F 2912
Number of block: 3
===========================
Request: a 128
===========================
M 128
M 1280
M 128
F 2752
Number of block: 4
===========================
Request: f 6
===========================
F 128
M 1280
M 128
F 2752
Number of block: 4
===========================
Request: r 0 1408
===========================
F 1440
M 128
M 1408
F 1312
Number of block: 4
===========================
Request: a 128
===========================
M 128
F 1280
M 128
M 1408
F 1312
Number of block: 5
===========================
Request: f 7
===========================
M 128
F 1440
M 1408
F 1312
Number of block: 4
===========================
Request: r 0 1536
===========================
M 128
F 2880
M 1536
F 1312
Number of block: 4
===========================
Request: a 128
===========================
M 128
M 128
F 2720
M 1536
F 1312
Number of block: 5
===========================
Request: f 8
===========================
F 128
M 128
F 2720
M 1536
F 1312
Number of block: 5
===========================
Request: r 0 1664
===========================
F 128
M 128
M 1664
F 3936
Number of block: 4
===========================
Request: a 128
===========================
M 128
M 128
M 1664
F 3936
Number of block: 4
===========================
Request: f 9
===========================
M 128
F 128
M 1664
F 3936
Number of block: 4
===========================
