Request: a 4092
===========================
M 4096
Number of block: 1
===========================
Request: a 16
===========================
M 4096
M 32
Number of block: 2
===========================
Request: r 0 4097
===========================
F 4096
M 32
M 4128
Number of block: 3
===========================
Request: a 16
===========================
M 32
F 4032
M 32
M 4128
Number of block: 4
===========================
Request: f 1
===========================
M 32
F 4096
M 4128
Number of block: 3
===========================
Request: r 0 4102
===========================
M 32
F 4096
M 4128
Number of block: 3
===========================
Request: a 16
===========================
M 32
M 32
F 4032
M 4128
Number of block: 4
===========================
Request: f 2
===========================
F 32
M 32
F 4032
M 4128
Number of block: 4
===========================
Request: r 0 4107
===========================
F 32
M 32
F 4032
M 4128
Number of block: 4
===========================
Request: a 16
===========================
M 32
M 32
F 4032
M 4128
Number of block: 4
===========================
Request: f 3
===========================
M 32
F 4096
M 4128
Number of block: 3
===========================
Request: r 0 4112
===========================
M 32
F 4096
M 4128
Number of block: 3
===========================
Request: a 16
===========================
M 32
M 32
F 4032
M 4128
Number of block: 4
===========================
Request: f 4
===========================
F 32
M 32
F 4032
M 4128
Number of block: 4
===========================
Request: r 0 4117
===========================
F 32
M 32
F 4032
M 4128
Number of block: 4
===========================
Request: a 16
===========================
M 32
M 32
F 4032
M 4128
Number of block: 4
===========================
Request: f 5
===========================
M 32
F 4096
M 4128
Number of block: 3
===========================
Request: r 0 4122
===========================
M 32
F 4096
M 4128
Number of block: 3
===========================
Request: a 16
===========================
M 32
M 32
F 4032
M 4128
Number of block: 4
===========================
Request: f 6
===========================
F 32
M 32
F 4032
M 4128
Number of block: 4
===========================
Request: r 0 4127
===========================
F 32
M 32
F 4032
M 4128
Number of block: 4
===========================
Request: a 16
===========================
M 32
M 32
F 4032
M 4128
Number of block: 4
===========================
Request: f 7
===========================
M 32
F 4096
M 4128
Number of block: 3
===========================
Request: r 0 4132
===========================
M 32
F 8256
M 4160
Number of block: 3
===========================
Request: a 16
===========================
M 32
M 32
F 8192
M 4160
Number of block: 4
===========================
Request: f 8
===========================
F 32
M 32
F 8192
M 4160
Number of block: 4
===========================
