Request: a 2040
===========================
M 2048
Number of block: 1
===========================
Request: a 4010
===========================
M 2048
M 4032
Number of block: 2
===========================
Request: a 48
===========================
M 2048
M 4032
M 64
Number of block: 3
===========================
Request: a 4072
===========================
M 2048
M 4032
M 64
M 4096
Number of block: 4
===========================
Request: a 4072
===========================
M 2048
M 4032
M 64
M 4096
M 4096
Number of block: 5
===========================
Request: a 4072
===========================
M 2048
M 4032
M 64
M 4096
M 4096
M 4096
Number of block: 6
===========================
Request: f 0
===========================
F 2048
M 4032
M 64
M 4096
M 4096
M 4096
Number of block: 6
===========================
Request: f 1
===========================
F 6112
M 64
M 4096
M 4096
M 4096
Number of block: 5
===========================
Request: f 2
===========================
F 6208
M 4096
M 4096
M 4096
Number of block: 4
===========================
Request: f 3
===========================
F 10336
M 4096
M 4096
Number of block: 3
===========================
Request: f 4
===========================
F 14464
M 4096
Number of block: 2
===========================
Request: f 5
===========================
F 18592
Number of block: 1
===========================
