Request: a 2040
===========================
M 2048
Number of block: 1
===========================
Request: a 2040
===========================
M 2048
M 2048
Number of block: 2
===========================
Request: f 1
===========================
M 2048
F 2048
Number of block: 2
===========================
Request: a 48
===========================
M 2048
M 64
F 1952
Number of block: 3
===========================
Request: a 4072
===========================
M 2048
M 64
M 4096
F 1952
Number of block: 4
===========================
Request: f 3
===========================
M 2048
M 64
F 6080
Number of block: 3
===========================
Request: a 4072
===========================
M 2048
M 64
M 4096
F 1952
Number of block: 4
===========================
Request: f 0
===========================
F 2048
M 64
M 4096
F 1952
Number of block: 4
===========================
Request: f 2
===========================
F 2144
M 4096
F 1952
Number of block: 3
===========================
Request: a 4072
===========================
F 2144
M 4096
M 4096
F 1952
Number of block: 4
===========================
Request: f 4
===========================
F 6272
M 4096
F 1952
Number of block: 3
===========================
Request: f 5
===========================
F 12384
Number of block: 1
===========================
